<?xml version="1.0" encoding="UTF-8"?>
<testsuites>
    <testsuite name="tosca-vehicle-insurance-testing;visit-the-sample-application-website-and-select-automobile-page" tests="3" failures="0" skipped="0">
        <properties>
            <property name="URI" value="C:/Users/v.arun.shrivastava/Desktop/cucumber_demo/features/tosca-vehicle.feature">
            </property>
        </properties>
        <testcase name="Given I visit tosca sample app website" classname="tosca-vehicle-insurance-testing;visit-the-sample-application-website-and-select-automobile-page" time="64.0246935">
        </testcase>
        <testcase name="When I click on automobile tab" classname="tosca-vehicle-insurance-testing;visit-the-sample-application-website-and-select-automobile-page" time="5.880263801">
        </testcase>
        <testcase name="Then I should see Enter Vehicle Data page" classname="tosca-vehicle-insurance-testing;visit-the-sample-application-website-and-select-automobile-page" time="0.0001895">
        </testcase>
    </testsuite>
    <testsuite name="tosca-vehicle-insurance-testing;enter-vehicle-data-and-click-next" tests="2" failures="0" skipped="0">
        <properties>
            <property name="URI" value="C:/Users/v.arun.shrivastava/Desktop/cucumber_demo/features/tosca-vehicle.feature">
            </property>
        </properties>
        <testcase name="When I enter details and click next" classname="tosca-vehicle-insurance-testing;enter-vehicle-data-and-click-next" time="6.100039301">
        </testcase>
        <testcase name="Then I should see Insurant Data page" classname="tosca-vehicle-insurance-testing;enter-vehicle-data-and-click-next" time="0.041062899">
        </testcase>
    </testsuite>
    <testsuite name="tosca-vehicle-insurance-testing;enter-insurant-data-and-click-next" tests="2" failures="0" skipped="0">
        <properties>
            <property name="URI" value="C:/Users/v.arun.shrivastava/Desktop/cucumber_demo/features/tosca-vehicle.feature">
            </property>
        </properties>
        <testcase name="When I enter insurant data and click next" classname="tosca-vehicle-insurance-testing;enter-insurant-data-and-click-next" time="2.151496999">
        </testcase>
        <testcase name="Then I should see Product Data page" classname="tosca-vehicle-insurance-testing;enter-insurant-data-and-click-next" time="0.021744801">
        </testcase>
    </testsuite>
    <testsuite name="tosca-vehicle-insurance-testing;enter-product-data-and-click-next" tests="2" failures="0" skipped="0">
        <properties>
            <property name="URI" value="C:/Users/v.arun.shrivastava/Desktop/cucumber_demo/features/tosca-vehicle.feature">
            </property>
        </properties>
        <testcase name="When I enter product data and click next" classname="tosca-vehicle-insurance-testing;enter-product-data-and-click-next" time="4.2043542">
        </testcase>
        <testcase name="Then I should see price options" classname="tosca-vehicle-insurance-testing;enter-product-data-and-click-next" time="0.032520399">
        </testcase>
    </testsuite>
    <testsuite name="tosca-vehicle-insurance-testing;select-pricing-option-and-click-next" tests="2" failures="0" skipped="0">
        <properties>
            <property name="URI" value="C:/Users/v.arun.shrivastava/Desktop/cucumber_demo/features/tosca-vehicle.feature">
            </property>
        </properties>
        <testcase name="When I select pricing option and click next" classname="tosca-vehicle-insurance-testing;select-pricing-option-and-click-next" time="0.255757199">
        </testcase>
        <testcase name="Then I should see" classname="tosca-vehicle-insurance-testing;select-pricing-option-and-click-next" time="0.1102699">
        </testcase>
    </testsuite>
    <testsuite name="tosca-vehicle-insurance-testing;enter-send-quote-data-and-click-send" tests="2" failures="0" skipped="0">
        <properties>
            <property name="URI" value="C:/Users/v.arun.shrivastava/Desktop/cucumber_demo/features/tosca-vehicle.feature">
            </property>
        </properties>
        <testcase name="When I enter send quote data adn click send" classname="tosca-vehicle-insurance-testing;enter-send-quote-data-and-click-send" time="3.7554955">
        </testcase>
        <testcase name="Then I should see sent" classname="tosca-vehicle-insurance-testing;enter-send-quote-data-and-click-send" time="8.8783007">
        </testcase>
    </testsuite>
</testsuites>